04-17 00:36:38.374 10397 10420 I TestRunner: started: test7QuizAllWrongTest(ca.yorku.eecs.mack.Project4443.MainActivityTest)
04-17 00:36:38.375 10397 10397 I MonitoringInstr: Activities that are still in CREATED to STOPPED: 0
04-17 00:36:38.376 10397 10420 W ActivityTestRule: getActivityIntent() returned null using default: Intent(Intent.ACTION_MAIN)
04-17 00:36:38.384   917  1251 D SplashScreenView: Build android.window.SplashScreenView{874f144 V.E...... ......ID 0,0-0,0}
04-17 00:36:38.384   917  1251 D SplashScreenView: Icon: view: null drawable: null size: 0
04-17 00:36:38.384   917  1251 D SplashScreenView: Branding: view: android.view.View{9e5a22d G.ED..... ......I. 0,0-0,0 #10204db android:id/splashscreen_branding_view} drawable: null size w: 0 h: 0
04-17 00:36:38.396 10397 10397 D LifecycleMonitor: Lifecycle status change: ca.yorku.eecs.mack.Project4443.MainActivity@68687ae in: PRE_ON_CREATE
04-17 00:36:38.411   399   528 D goldfish-address-space: claimShared: Ask to claim region [0x3f062c000 0x3f0fd0000]
04-17 00:36:38.415 10397 10397 I MYDEBUG : Number of flashcards = 4
04-17 00:36:38.415 10397 10397 D LifecycleMonitor: Lifecycle status change: ca.yorku.eecs.mack.Project4443.MainActivity@68687ae in: CREATED
04-17 00:36:38.416 10397 10397 D LifecycleMonitor: Lifecycle status change: ca.yorku.eecs.mack.Project4443.MainActivity@68687ae in: STARTED
04-17 00:36:38.416 10397 10397 D LifecycleMonitor: Lifecycle status change: ca.yorku.eecs.mack.Project4443.MainActivity@68687ae in: RESUMED
04-17 00:36:38.417   399   528 D goldfish-address-space: claimShared: Ask to claim region [0x3f0fd0000 0x3f1974000]
04-17 00:36:38.424   917  1266 W Parcel  : Expecting binder but got null!
04-17 00:36:38.424   399   528 D goldfish-address-space: claimShared: Ask to claim region [0x3f1974000 0x3f2318000]
04-17 00:36:38.449   399   528 D goldfish-address-space: claimShared: Ask to claim region [0x3f4000000 0x3f49a4000]
04-17 00:36:38.458   399   528 D goldfish-address-space: claimShared: Ask to claim region [0x3f6c5a000 0x3f75fe000]
04-17 00:36:38.461   399   528 D goldfish-address-space: claimShared: Ask to claim region [0x3f75fe000 0x3f7fa2000]
04-17 00:36:38.465 10397 10424 W Parcel  : Expecting binder but got null!
04-17 00:36:38.468   685   718 W ziparchive: Unable to open '/data/app/~~5WkMgUHT59kjF6dyU1ZdyQ==/ca.yorku.eecs.mack.Project4443-1Ccr90nrDFhx_yJ-zYP2gw==/base.dm': No such file or directory
04-17 00:36:38.470   419   574 W TransactionTracing: Could not find layer handle 0x7092eed61d70
04-17 00:36:38.471   419   574 W TransactionTracing: Could not find layer handle 0x7092eed61470
04-17 00:36:38.473   685   718 I ActivityTaskManager: Displayed ca.yorku.eecs.mack.Project4443/.MainActivity: +89ms
04-17 00:36:38.479  2886  2886 I GoogleInputMethodService: GoogleInputMethodService.onFinishInput():3220
04-17 00:36:38.480  2886  2886 I GoogleInputMethodService: GoogleInputMethodService.updateDeviceLockedStatus():2114 repeatCheckTimes = 0, unlocked = true
04-17 00:36:38.480  2886  2886 I GoogleInputMethodService: GoogleInputMethodService.onStartInput():1919 onStartInput(EditorInfo{inputType=0x0(NULL) imeOptions=0x0 privateImeOptions=null actionName=UNSPECIFIED actionLabel=null actionId=0 initialSelStart=-1 initialSelEnd=-1 initialCapsMode=0x0 hintText=null label=null packageName=ca.yorku.eecs.mack.Project4443 fieldId=2131230720 fieldName=null extras=null}, false)
04-17 00:36:38.480  2886  2886 I GoogleInputMethodService: GoogleInputMethodService.updateDeviceLockedStatus():2114 repeatCheckTimes = 2, unlocked = true
04-17 00:36:38.489   419   574 W TransactionTracing: Could not find layer handle 0x7092eed64710
04-17 00:36:38.494  2773  2773 I GsaVoiceInteractionSrv: Handling ACTION_STOP_HOTWORD
04-17 00:36:38.495  2773  2813 E HwDetectorWithState: a: 3
04-17 00:36:38.571   419   574 W TransactionTracing: Could not find layer handle 0x7092eed65bb0
04-17 00:36:38.671   419   574 W TransactionTracing: Could not find layer id -1
04-17 00:36:38.688   419   574 W TransactionTracing: Could not find layer id -1
04-17 00:36:38.717  1048  1358 D BtGatt.ScanManager: uid 10105 isForeground true scanMode 1
04-17 00:36:38.717  1048  1358 D BtGatt.ScanManager: uid 10105 isForeground true scanMode -1
04-17 00:36:38.717  1048  1358 D BtGatt.ScanManager: uid 10105 isForeground true scanMode -1
04-17 00:36:38.727 10397 10397 I ViewInteraction: Performing 'single click' action on view (with id: ca.yorku.eecs.mack.Project4443:id/StartQuizButton and with text: is "Start the Quiz" and Child at position 2 in parent Child at position 0 in parent with class name: is "android.widget.LinearLayout" and is displayed on the screen to the user)
04-17 00:36:38.736   685  7081 D InputDispatcher: Touch mode switch rejected, caller (pid=0, uid=10159) doesn't own the focused window nor none of the previously interacted window
04-17 00:36:38.743 10397 10397 D AutofillManager: Fill dialog is enabled:false, hints=[password, passwordAuto, creditCardNumber, creditCardSecurityCode, creditCardExpirationDate]
04-17 00:36:38.745  1326  1326 D TaplEvents: TIS / TouchInteractionService.onInputEvent: MotionEvent { action=ACTION_DOWN, actionButton=0, id[0]=0, x[0]=539.5, y[0]=1836.5, toolType[0]=TOOL_TYPE_UNKNOWN, buttonState=BUTTON_PRIMARY, classification=NONE, metaState=0, flags=0x0, edgeFlags=0x0, pointerCount=1, historySize=0, eventTime=1307226, downTime=1307226, deviceId=-1, source=0x1002, displayId=0, eventId=-549419504 }
04-17 00:36:38.745   685  7081 W InputManager-JNI: Input channel object '67a328d Splash Screen ca.yorku.eecs.mack.Project4443 (client)' was disposed without first being removed with the input manager!
04-17 00:36:38.755   419   574 W TransactionTracing: Could not find layer handle 0x7092eed63f30
04-17 00:36:38.770   419   574 W TransactionTracing: Could not find layer handle 0x7092eed673b0
04-17 00:36:38.771   419   574 W TransactionTracing: Could not find layer handle 0x7092eed64f50
04-17 00:36:38.775  1326  1326 D TaplEvents: TIS / TouchInteractionService.onInputEvent: MotionEvent { action=ACTION_UP, actionButton=0, id[0]=0, x[0]=539.5, y[0]=1836.5, toolType[0]=TOOL_TYPE_FINGER, buttonState=BUTTON_PRIMARY, classification=NONE, metaState=0, flags=0x0, edgeFlags=0x0, pointerCount=1, historySize=0, eventTime=1307267, downTime=1307226, deviceId=-1, source=0x1002, displayId=0, eventId=-103085216 }
04-17 00:36:38.793 10397 10397 D LifecycleMonitor: Lifecycle status change: ca.yorku.eecs.mack.Project4443.MainActivity@68687ae in: PAUSED
04-17 00:36:38.794 10397 10397 D LifecycleMonitor: running callback: android.support.test.rule.ActivityTestRule$LifecycleCallback@6ad43f
04-17 00:36:38.794 10397 10397 D LifecycleMonitor: callback completes: android.support.test.rule.ActivityTestRule$LifecycleCallback@6ad43f
04-17 00:36:38.808 10397 10397 D LifecycleMonitor: Lifecycle status change: ca.yorku.eecs.mack.Project4443.QuizActivity@842755b in: PRE_ON_CREATE
04-17 00:36:38.809 10397 10397 D LifecycleMonitor: running callback: android.support.test.rule.ActivityTestRule$LifecycleCallback@6ad43f
04-17 00:36:38.809 10397 10397 D LifecycleMonitor: callback completes: android.support.test.rule.ActivityTestRule$LifecycleCallback@6ad43f
04-17 00:36:38.821   419   574 W TransactionTracing: Could not find layer id -1
04-17 00:36:38.831 10397 10397 D LifecycleMonitor: Lifecycle status change: ca.yorku.eecs.mack.Project4443.QuizActivity@842755b in: CREATED
04-17 00:36:38.831 10397 10397 D LifecycleMonitor: running callback: android.support.test.rule.ActivityTestRule$LifecycleCallback@6ad43f
04-17 00:36:38.831 10397 10397 D LifecycleMonitor: callback completes: android.support.test.rule.ActivityTestRule$LifecycleCallback@6ad43f
04-17 00:36:38.832 10397 10397 D LifecycleMonitor: Lifecycle status change: ca.yorku.eecs.mack.Project4443.QuizActivity@842755b in: STARTED
04-17 00:36:38.832 10397 10397 D LifecycleMonitor: running callback: android.support.test.rule.ActivityTestRule$LifecycleCallback@6ad43f
04-17 00:36:38.833 10397 10397 D LifecycleMonitor: callback completes: android.support.test.rule.ActivityTestRule$LifecycleCallback@6ad43f
04-17 00:36:38.835 10397 10397 D LifecycleMonitor: Lifecycle status change: ca.yorku.eecs.mack.Project4443.QuizActivity@842755b in: RESUMED
04-17 00:36:38.835 10397 10397 D LifecycleMonitor: running callback: android.support.test.rule.ActivityTestRule$LifecycleCallback@6ad43f
04-17 00:36:38.835 10397 10397 D LifecycleMonitor: callback completes: android.support.test.rule.ActivityTestRule$LifecycleCallback@6ad43f
04-17 00:36:38.865   399   528 D goldfish-address-space: claimShared: Ask to claim region [0x3f49a4000 0x3f5348000]
04-17 00:36:38.869   399   528 D goldfish-address-space: claimShared: Ask to claim region [0x3f5348000 0x3f5cec000]
04-17 00:36:38.872   399   529 D goldfish-address-space: claimShared: Ask to claim region [0x3f8000000 0x3f89a4000]
04-17 00:36:38.878 10397 10424 W Parcel  : Expecting binder but got null!
04-17 00:36:38.883   685   718 I ActivityTaskManager: Displayed ca.yorku.eecs.mack.Project4443/.QuizActivity: +103ms
04-17 00:36:38.888   399   529 D goldfish-address-space: claimShared: Ask to claim region [0x3f3fca000 0x3f3fcd000]
04-17 00:36:38.889   399   528 D goldfish-address-space: claimShared: Ask to claim region [0x3f3fcd000 0x3f3fd0000]
04-17 00:36:38.896   399   528 D goldfish-address-space: claimShared: Ask to claim region [0x3f3636000 0x3f372d000]
04-17 00:36:38.900   399   528 D goldfish-address-space: claimShared: Ask to claim region [0x3f372d000 0x3f3824000]
04-17 00:36:38.901   685  1555 W Parcel  : Expecting binder but got null!
04-17 00:36:38.903   399   528 D goldfish-address-space: claimShared: Ask to claim region [0x3f372d000 0x3f3824000]
04-17 00:36:38.912   399   528 D goldfish-address-space: claimShared: Ask to claim region [0x3f3824000 0x3f391b000]
04-17 00:36:38.913   685  1555 W Parcel  : Expecting binder but got null!
04-17 00:36:38.990  2886  2886 I GoogleInputMethodService: GoogleInputMethodService.onFinishInput():3220
04-17 00:36:38.991  2886  2886 I GoogleInputMethodService: GoogleInputMethodService.updateDeviceLockedStatus():2114 repeatCheckTimes = 0, unlocked = true
04-17 00:36:38.992  2886  2886 I GoogleInputMethodService: GoogleInputMethodService.onStartInput():1919 onStartInput(EditorInfo{inputType=0x0(NULL) imeOptions=0x0 privateImeOptions=null actionName=UNSPECIFIED actionLabel=null actionId=0 initialSelStart=-1 initialSelEnd=-1 initialCapsMode=0x0 hintText=null label=null packageName=ca.yorku.eecs.mack.Project4443 fieldId=2131230770 fieldName=null extras=null}, false)
04-17 00:36:38.992  2886  2886 I GoogleInputMethodService: GoogleInputMethodService.updateDeviceLockedStatus():2114 repeatCheckTimes = 2, unlocked = true
04-17 00:36:39.005   419   574 W TransactionTracing: Could not find layer id -1
04-17 00:36:39.089   917  1266 D EGL_emulation: app_time_stats: avg=36.67ms min=13.50ms max=116.37ms count=28
04-17 00:36:39.100 10397 10397 I ViewInteraction: Performing 'single click' action on view with id: ca.yorku.eecs.mack.Project4443:id/quiz_answer_1
04-17 00:36:39.105   685  3577 D InputDispatcher: Touch mode switch rejected, caller (pid=0, uid=10159) doesn't own the focused window nor none of the previously interacted window
04-17 00:36:39.105 10397 10397 D AutofillManager: Fill dialog is enabled:false, hints=[password, passwordAuto, creditCardNumber, creditCardSecurityCode, creditCardExpirationDate]
04-17 00:36:39.105  1326  1326 D TaplEvents: TIS / TouchInteractionService.onInputEvent: MotionEvent { action=ACTION_DOWN, actionButton=0, id[0]=0, x[0]=539.5, y[0]=1363.0, toolType[0]=TOOL_TYPE_UNKNOWN, buttonState=BUTTON_PRIMARY, classification=NONE, metaState=0, flags=0x0, edgeFlags=0x0, pointerCount=1, historySize=0, eventTime=1307599, downTime=1307598, deviceId=-1, source=0x1002, displayId=0, eventId=-853282332 }
04-17 00:36:39.144  1326  1326 D TaplEvents: TIS / TouchInteractionService.onInputEvent: MotionEvent { action=ACTION_UP, actionButton=0, id[0]=0, x[0]=539.5, y[0]=1363.0, toolType[0]=TOOL_TYPE_FINGER, buttonState=BUTTON_PRIMARY, classification=NONE, metaState=0, flags=0x0, edgeFlags=0x0, pointerCount=1, historySize=0, eventTime=1307640, downTime=1307598, deviceId=-1, source=0x1002, displayId=0, eventId=-519911124 }
04-17 00:36:39.373 10397 10397 I ViewInteraction: Performing 'single click' action on view with id: ca.yorku.eecs.mack.Project4443:id/quiz_answer_3
04-17 00:36:39.376  1326  1326 D TaplEvents: TIS / TouchInteractionService.onInputEvent: MotionEvent { action=ACTION_DOWN, actionButton=0, id[0]=0, x[0]=539.5, y[0]=1885.0, toolType[0]=TOOL_TYPE_UNKNOWN, buttonState=BUTTON_PRIMARY, classification=NONE, metaState=0, flags=0x0, edgeFlags=0x0, pointerCount=1, historySize=0, eventTime=1307872, downTime=1307872, deviceId=-1, source=0x1002, displayId=0, eventId=-808546119 }
04-17 00:36:39.388   419   574 W TransactionTracing: Could not find layer handle 0x7092eed67a70
04-17 00:36:39.388   419   574 W TransactionTracing: Could not find layer handle 0x7092eed68310
04-17 00:36:39.388   419   574 W TransactionTracing: Could not find layer handle 0x7092eed67cb0
04-17 00:36:39.388   419   574 W TransactionTracing: Could not find layer handle 0x7092eed68cd0
04-17 00:36:39.389   419   574 W TransactionTracing: Could not find layer handle 0x7092eed65850
04-17 00:36:39.389   419   574 W TransactionTracing: Could not find layer handle 0x7092eed65310
04-17 00:36:39.389   419   574 W TransactionTracing: Could not find layer handle 0x7092eed68cd0
04-17 00:36:39.389   419   574 W TransactionTracing: Could not find layer handle 0x7092eed67a70
04-17 00:36:39.397 10397 10397 D LifecycleMonitor: Lifecycle status change: ca.yorku.eecs.mack.Project4443.MainActivity@68687ae in: STOPPED
04-17 00:36:39.397 10397 10397 D LifecycleMonitor: running callback: android.support.test.rule.ActivityTestRule$LifecycleCallback@6ad43f
04-17 00:36:39.397 10397 10397 D LifecycleMonitor: callback completes: android.support.test.rule.ActivityTestRule$LifecycleCallback@6ad43f
04-17 00:36:39.416  1326  1326 D TaplEvents: TIS / TouchInteractionService.onInputEvent: MotionEvent { action=ACTION_UP, actionButton=0, id[0]=0, x[0]=539.5, y[0]=1885.0, toolType[0]=TOOL_TYPE_FINGER, buttonState=BUTTON_PRIMARY, classification=NONE, metaState=0, flags=0x0, edgeFlags=0x0, pointerCount=1, historySize=0, eventTime=1307913, downTime=1307872, deviceId=-1, source=0x1002, displayId=0, eventId=-236360652 }
04-17 00:36:39.421   419   574 W TransactionTracing: Could not find layer handle 0x7092eed61290
04-17 00:36:39.439   419   574 W TransactionTracing: Could not find layer id -1
04-17 00:36:39.445   399   528 D goldfish-address-space: claimShared: Ask to claim region [0x3f3636000 0x3f379d000]
04-17 00:36:39.449   399   528 D goldfish-address-space: claimShared: Ask to claim region [0x3f379d000 0x3f3904000]
04-17 00:36:39.456   399   528 D goldfish-address-space: claimShared: Ask to claim region [0x3f3904000 0x3f3a6b000]
04-17 00:36:39.461 10397 10424 W Parcel  : Expecting binder but got null!
04-17 00:36:39.504   419   574 W TransactionTracing: Could not find layer id -1
04-17 00:36:39.681 10397 10397 I ViewInteraction: Performing 'single click' action on view (with id: android:id/button3 and with text: is "Continue" and Child at position 1 in parent Child at position 0 in parent with class name: is "android.widget.LinearLayout" and is displayed on the screen to the user)
04-17 00:36:39.683  1326  1326 D TaplEvents: TIS / TouchInteractionService.onInputEvent: MotionEvent { action=ACTION_DOWN, actionButton=0, id[0]=0, x[0]=539.5, y[0]=1256.5, toolType[0]=TOOL_TYPE_UNKNOWN, buttonState=BUTTON_PRIMARY, classification=NONE, metaState=0, flags=0x0, edgeFlags=0x0, pointerCount=1, historySize=0, eventTime=1308179, downTime=1308179, deviceId=-1, source=0x1002, displayId=0, eventId=-397728553 }
04-17 00:36:39.684   685  2599 D InputDispatcher: Touch mode switch rejected, caller (pid=0, uid=10159) doesn't own the focused window nor none of the previously interacted window
04-17 00:36:39.721   419   574 W TransactionTracing: Could not find layer handle 0x7092eed63f30
04-17 00:36:39.721   419   574 W TransactionTracing: Could not find layer handle 0x7092eed5f970
04-17 00:36:39.721   419   574 W TransactionTracing: Could not find layer handle 0x7092eed5f970
04-17 00:36:39.722   419   574 W TransactionTracing: Could not find layer handle 0x7092eed63f30
04-17 00:36:39.726  1326  1326 D TaplEvents: TIS / TouchInteractionService.onInputEvent: MotionEvent { action=ACTION_UP, actionButton=0, id[0]=0, x[0]=539.5, y[0]=1256.5, toolType[0]=TOOL_TYPE_FINGER, buttonState=BUTTON_PRIMARY, classification=NONE, metaState=0, flags=0x0, edgeFlags=0x0, pointerCount=1, historySize=0, eventTime=1308221, downTime=1308179, deviceId=-1, source=0x1002, displayId=0, eventId=-329353494 }
04-17 00:36:39.729   685  2599 W InputManager-JNI: Input channel object 'a21095f ca.yorku.eecs.mack.Project4443/ca.yorku.eecs.mack.Project4443.QuizActivity (client)' was disposed without first being removed with the input manager!
04-17 00:36:39.738   419   574 W TransactionTracing: Could not find layer handle 0x7092eed682b0
04-17 00:36:39.739   419   574 W TransactionTracing: Could not find layer handle 0x7092eed61290
04-17 00:36:39.739   419   574 W TransactionTracing: Could not find layer id -1
04-17 00:36:39.740   419   574 W TransactionTracing: Could not find layer id -1
04-17 00:36:39.740   419   574 W TransactionTracing: Could not find layer id -1
04-17 00:36:39.741   419   574 W TransactionTracing: Could not find layer id -1
04-17 00:36:39.760  2886  2886 I GoogleInputMethodService: GoogleInputMethodService.onFinishInput():3220
04-17 00:36:39.762  2886  2886 I GoogleInputMethodService: GoogleInputMethodService.updateDeviceLockedStatus():2114 repeatCheckTimes = 0, unlocked = true
04-17 00:36:39.762  2886  2886 I GoogleInputMethodService: GoogleInputMethodService.onStartInput():1919 onStartInput(EditorInfo{inputType=0x0(NULL) imeOptions=0x0 privateImeOptions=null actionName=UNSPECIFIED actionLabel=null actionId=0 initialSelStart=-1 initialSelEnd=-1 initialCapsMode=0x0 hintText=null label=null packageName=ca.yorku.eecs.mack.Project4443 fieldId=-1 fieldName=null extras=null}, false)
04-17 00:36:39.763  2886  2886 I GoogleInputMethodService: GoogleInputMethodService.updateDeviceLockedStatus():2114 repeatCheckTimes = 2, unlocked = true
04-17 00:36:39.837   419   574 W TransactionTracing: Could not find layer id -1
04-17 00:36:39.837   419   574 W TransactionTracing: Could not find layer id -1
04-17 00:36:39.837   419   574 W TransactionTracing: Could not find layer id -1
04-17 00:36:39.838   419   574 W TransactionTracing: Could not find layer id -1
04-17 00:36:39.964 10397 10397 I ViewInteraction: Performing 'single click' action on view with id: ca.yorku.eecs.mack.Project4443:id/quiz_answer_1
04-17 00:36:39.966  1326  1326 D TaplEvents: TIS / TouchInteractionService.onInputEvent: MotionEvent { action=ACTION_DOWN, actionButton=0, id[0]=0, x[0]=539.5, y[0]=1363.0, toolType[0]=TOOL_TYPE_UNKNOWN, buttonState=BUTTON_PRIMARY, classification=NONE, metaState=0, flags=0x0, edgeFlags=0x0, pointerCount=1, historySize=0, eventTime=1308462, downTime=1308462, deviceId=-1, source=0x1002, displayId=0, eventId=-213345745 }
04-17 00:36:39.973 10397 10424 D EGL_emulation: app_time_stats: avg=109.57ms min=5.53ms max=257.23ms count=10
04-17 00:36:39.987   419   574 W TransactionTracing: Could not find layer handle 0x7092eed665d0
04-17 00:36:39.988   419   574 W TransactionTracing: Could not find layer handle 0x7092eed66030
04-17 00:36:39.988   419   574 W TransactionTracing: Could not find layer handle 0x7092eed65850
04-17 00:36:39.989   419   574 W TransactionTracing: Could not find layer handle 0x7092eed65850
04-17 00:36:39.990   419   574 W TransactionTracing: Could not find layer handle 0x7092eed66030
04-17 00:36:40.007  1326  1326 D TaplEvents: TIS / TouchInteractionService.onInputEvent: MotionEvent { action=ACTION_UP, actionButton=0, id[0]=0, x[0]=539.5, y[0]=1363.0, toolType[0]=TOOL_TYPE_FINGER, buttonState=BUTTON_PRIMARY, classification=NONE, metaState=0, flags=0x0, edgeFlags=0x0, pointerCount=1, historySize=0, eventTime=1308504, downTime=1308462, deviceId=-1, source=0x1002, displayId=0, eventId=-863780385 }
04-17 00:36:40.096  9587  9587 D BoundBrokerSvc: onUnbind: Intent { act=com.google.android.mdd.service.START dat=chimera-action:/... cmp=com.google.android.gms/.chimera.GmsBoundBrokerService }
04-17 00:36:40.238 10397 10397 I ViewInteraction: Performing 'single click' action on view with id: ca.yorku.eecs.mack.Project4443:id/quiz_answer_3
04-17 00:36:40.239  1326  1326 D TaplEvents: TIS / TouchInteractionService.onInputEvent: MotionEvent { action=ACTION_DOWN, actionButton=0, id[0]=0, x[0]=539.5, y[0]=1885.0, toolType[0]=TOOL_TYPE_UNKNOWN, buttonState=BUTTON_PRIMARY, classification=NONE, metaState=0, flags=0x0, edgeFlags=0x0, pointerCount=1, historySize=0, eventTime=1308736, downTime=1308736, deviceId=-1, source=0x1002, displayId=0, eventId=-76181300 }
04-17 00:36:40.281  1326  1326 D TaplEvents: TIS / TouchInteractionService.onInputEvent: MotionEvent { action=ACTION_UP, actionButton=0, id[0]=0, x[0]=539.5, y[0]=1885.0, toolType[0]=TOOL_TYPE_FINGER, buttonState=BUTTON_PRIMARY, classification=NONE, metaState=0, flags=0x0, edgeFlags=0x0, pointerCount=1, historySize=0, eventTime=1308777, downTime=1308736, deviceId=-1, source=0x1002, displayId=0, eventId=-551881784 }
04-17 00:36:40.311   399   528 D goldfish-address-space: claimShared: Ask to claim region [0x3f3636000 0x3f379d000]
04-17 00:36:40.314   399   528 D goldfish-address-space: claimShared: Ask to claim region [0x3f379d000 0x3f3904000]
04-17 00:36:40.315   399   529 D goldfish-address-space: claimShared: Ask to claim region [0x3f3904000 0x3f3a6b000]
04-17 00:36:40.316 10397 10424 W Parcel  : Expecting binder but got null!
04-17 00:36:40.320   419   574 W TransactionTracing: Could not find layer handle 0x7092eed68d90
04-17 00:36:40.321   419   574 W TransactionTracing: Could not find layer handle 0x7092eed67f50
04-17 00:36:40.321   419   574 W TransactionTracing: Could not find layer id -1
04-17 00:36:40.321   419   574 W TransactionTracing: Could not find layer id -1
04-17 00:36:40.559 10397 10397 I ViewInteraction: Performing 'single click' action on view (with id: android:id/button3 and with text: is "Continue" and Child at position 1 in parent Child at position 0 in parent with class name: is "android.widget.LinearLayout" and is displayed on the screen to the user)
04-17 00:36:40.562  1326  1326 D TaplEvents: TIS / TouchInteractionService.onInputEvent: MotionEvent { action=ACTION_DOWN, actionButton=0, id[0]=0, x[0]=539.5, y[0]=1256.5, toolType[0]=TOOL_TYPE_UNKNOWN, buttonState=BUTTON_PRIMARY, classification=NONE, metaState=0, flags=0x0, edgeFlags=0x0, pointerCount=1, historySize=0, eventTime=1309058, downTime=1309058, deviceId=-1, source=0x1002, displayId=0, eventId=-52115537 }
04-17 00:36:40.562   685  2599 D InputDispatcher: Touch mode switch rejected, caller (pid=0, uid=10159) doesn't own the focused window nor none of the previously interacted window
04-17 00:36:40.588   419   574 W TransactionTracing: Could not find layer handle 0x7092eed5f3d0
04-17 00:36:40.588   419   574 W TransactionTracing: Could not find layer handle 0x7092eed63210
04-17 00:36:40.588   419   574 W TransactionTracing: Could not find layer handle 0x7092eed63210
04-17 00:36:40.588   419   574 W TransactionTracing: Could not find layer handle 0x7092eed5f3d0
04-17 00:36:40.602  1326  1326 D TaplEvents: TIS / TouchInteractionService.onInputEvent: MotionEvent { action=ACTION_UP, actionButton=0, id[0]=0, x[0]=539.5, y[0]=1256.5, toolType[0]=TOOL_TYPE_FINGER, buttonState=BUTTON_PRIMARY, classification=NONE, metaState=0, flags=0x0, edgeFlags=0x0, pointerCount=1, historySize=0, eventTime=1309098, downTime=1309058, deviceId=-1, source=0x1002, displayId=0, eventId=-440962437 }
04-17 00:36:40.604   419   574 W TransactionTracing: Could not find layer id -1
04-17 00:36:40.605   419   574 W TransactionTracing: Could not find layer id -1
04-17 00:36:40.606   419   574 W TransactionTracing: Could not find layer id -1
04-17 00:36:40.606   419   574 W TransactionTracing: Could not find layer id -1
04-17 00:36:40.606   419   574 W TransactionTracing: Could not find layer id -1
04-17 00:36:40.609   685  7081 W InputManager-JNI: Input channel object '602e40c ca.yorku.eecs.mack.Project4443/ca.yorku.eecs.mack.Project4443.QuizActivity (client)' was disposed without first being removed with the input manager!
04-17 00:36:40.622   419   574 W TransactionTracing: Could not find layer handle 0x7092eed66270
04-17 00:36:40.622   419   574 W TransactionTracing: Could not find layer handle 0x7092eed63f30
04-17 00:36:40.640   399   528 D goldfish-address-space: claimShared: Ask to claim region [0x3f3a6b000 0x3f3cdd000]
04-17 00:36:40.643   399   528 D goldfish-address-space: claimShared: Ask to claim region [0x3f062c000 0x3f089e000]
04-17 00:36:40.644   399   528 D goldfish-address-space: claimShared: Ask to claim region [0x3f089e000 0x3f0b10000]
04-17 00:36:40.650 10397 10424 W Parcel  : Expecting binder but got null!
04-17 00:36:40.660  2886  2886 I GoogleInputMethodService: GoogleInputMethodService.onFinishInput():3220
04-17 00:36:40.661  2886  2886 I GoogleInputMethodService: GoogleInputMethodService.updateDeviceLockedStatus():2114 repeatCheckTimes = 0, unlocked = true
04-17 00:36:40.661  2886  2886 I GoogleInputMethodService: GoogleInputMethodService.onStartInput():1919 onStartInput(EditorInfo{inputType=0x0(NULL) imeOptions=0x0 privateImeOptions=null actionName=UNSPECIFIED actionLabel=null actionId=0 initialSelStart=-1 initialSelEnd=-1 initialCapsMode=0x0 hintText=null label=null packageName=ca.yorku.eecs.mack.Project4443 fieldId=-1 fieldName=null extras=null}, false)
04-17 00:36:40.662  2886  2886 I GoogleInputMethodService: GoogleInputMethodService.updateDeviceLockedStatus():2114 repeatCheckTimes = 2, unlocked = true
04-17 00:36:40.837   419   574 W TransactionTracing: Could not find layer id -1
04-17 00:36:40.837   419   574 W TransactionTracing: Could not find layer id -1
04-17 00:36:40.871   419   574 W TransactionTracing: Could not find layer handle 0x7092eed63750
04-17 00:36:40.871   419   574 W TransactionTracing: Could not find layer handle 0x7092eed60570
04-17 00:36:40.871   419   574 W TransactionTracing: Could not find layer handle 0x7092eed61290
04-17 00:36:40.871   419   574 W TransactionTracing: Could not find layer handle 0x7092eed60570
04-17 00:36:40.871   419   574 W TransactionTracing: Could not find layer handle 0x7092eed61290
04-17 00:36:40.907 10397 10397 I ViewInteraction: Performing 'single click' action on view (with id: android:id/button3 and with text: is "Continue" and Child at position 1 in parent Child at position 0 in parent with class name: is "android.widget.LinearLayout" and is displayed on the screen to the user)
04-17 00:36:40.909  1326  1326 D TaplEvents: TIS / TouchInteractionService.onInputEvent: MotionEvent { action=ACTION_DOWN, actionButton=0, id[0]=0, x[0]=539.5, y[0]=1390.5, toolType[0]=TOOL_TYPE_UNKNOWN, buttonState=BUTTON_PRIMARY, classification=NONE, metaState=0, flags=0x0, edgeFlags=0x0, pointerCount=1, historySize=0, eventTime=1309405, downTime=1309405, deviceId=-1, source=0x1002, displayId=0, eventId=-49826409 }
04-17 00:36:40.910   685  2693 D InputDispatcher: Touch mode switch rejected, caller (pid=0, uid=10159) doesn't own the focused window nor none of the previously interacted window
04-17 00:36:40.921   419   574 W TransactionTracing: Could not find layer handle 0x7092eed68bb0
04-17 00:36:40.921   419   574 W TransactionTracing: Could not find layer handle 0x7092eed65970
04-17 00:36:40.921   419   574 W TransactionTracing: Could not find layer handle 0x7092eed65970
04-17 00:36:40.921   419   574 W TransactionTracing: Could not find layer handle 0x7092eed68bb0
04-17 00:36:40.950  1326  1326 D TaplEvents: TIS / TouchInteractionService.onInputEvent: MotionEvent { action=ACTION_UP, actionButton=0, id[0]=0, x[0]=539.5, y[0]=1390.5, toolType[0]=TOOL_TYPE_FINGER, buttonState=BUTTON_PRIMARY, classification=NONE, metaState=0, flags=0x0, edgeFlags=0x0, pointerCount=1, historySize=0, eventTime=1309447, downTime=1309405, deviceId=-1, source=0x1002, displayId=0, eventId=-554233985 }
04-17 00:36:40.954   399   528 D goldfish-address-space: claimShared: Ask to claim region [0x3f0b10000 0x3f113c000]
04-17 00:36:40.974   685  1701 W InputManager-JNI: Input channel object 'a25e2e6 ca.yorku.eecs.mack.Project4443/ca.yorku.eecs.mack.Project4443.QuizActivity (client)' was disposed without first being removed with the input manager!
04-17 00:36:40.981 10397 10397 D LifecycleMonitor: Lifecycle status change: ca.yorku.eecs.mack.Project4443.QuizActivity@842755b in: PAUSED
04-17 00:36:40.981 10397 10397 D LifecycleMonitor: running callback: android.support.test.rule.ActivityTestRule$LifecycleCallback@6ad43f
04-17 00:36:40.981 10397 10397 D LifecycleMonitor: callback completes: android.support.test.rule.ActivityTestRule$LifecycleCallback@6ad43f
04-17 00:36:40.987   419   574 W TransactionTracing: Could not find layer handle 0x7092eed62f10
04-17 00:36:40.987   419   574 W TransactionTracing: Could not find layer handle 0x7092eed67b30
04-17 00:36:40.987   419   574 W TransactionTracing: Could not find layer handle 0x7092eed63450
04-17 00:36:40.988   419   574 W TransactionTracing: Could not find layer handle 0x7092eed63450
04-17 00:36:40.989 10397 10397 D LifecycleMonitor: Lifecycle status change: ca.yorku.eecs.mack.Project4443.MainActivity@68687ae in: RESTARTED
04-17 00:36:40.990 10397 10397 D LifecycleMonitor: running callback: android.support.test.rule.ActivityTestRule$LifecycleCallback@6ad43f
04-17 00:36:40.990 10397 10397 D LifecycleMonitor: callback completes: android.support.test.rule.ActivityTestRule$LifecycleCallback@6ad43f
04-17 00:36:40.990 10397 10397 D LifecycleMonitor: Lifecycle status change: ca.yorku.eecs.mack.Project4443.MainActivity@68687ae in: STARTED
04-17 00:36:40.990 10397 10397 D LifecycleMonitor: running callback: android.support.test.rule.ActivityTestRule$LifecycleCallback@6ad43f
04-17 00:36:40.990 10397 10397 D LifecycleMonitor: callback completes: android.support.test.rule.ActivityTestRule$LifecycleCallback@6ad43f
04-17 00:36:40.990 10397 10397 D LifecycleMonitor: Lifecycle status change: ca.yorku.eecs.mack.Project4443.MainActivity@68687ae in: RESUMED
04-17 00:36:40.991 10397 10397 D LifecycleMonitor: running callback: android.support.test.rule.ActivityTestRule$LifecycleCallback@6ad43f
04-17 00:36:40.992 10397 10397 D LifecycleMonitor: callback completes: android.support.test.rule.ActivityTestRule$LifecycleCallback@6ad43f
04-17 00:36:41.011   399   528 D goldfish-address-space: claimShared: Ask to claim region [0x3f113c000 0x3f1ae0000]
04-17 00:36:41.014   399   528 D goldfish-address-space: claimShared: Ask to claim region [0x3f1ae0000 0x3f2484000]
04-17 00:36:41.016   399   528 D goldfish-address-space: claimShared: Ask to claim region [0x3f4000000 0x3f49a4000]
04-17 00:36:41.038   419   574 W TransactionTracing: Could not find layer id -1
04-17 00:36:41.040   399   528 D goldfish-address-space: claimShared: Ask to claim region [0x3f3fd0000 0x3f3fd3000]
04-17 00:36:41.041   399   529 D goldfish-address-space: claimShared: Ask to claim region [0x3f3fd3000 0x3f3fd6000]
04-17 00:36:41.043 10397 10424 D EGL_emulation: app_time_stats: avg=152.66ms min=16.57ms max=350.77ms count=7
04-17 00:36:41.049   399   529 D goldfish-address-space: claimShared: Ask to claim region [0x3f3cdd000 0x3f3dd4000]
04-17 00:36:41.054   399   529 D goldfish-address-space: claimShared: Ask to claim region [0x3f3dd4000 0x3f3ecb000]
04-17 00:36:41.056   685  1555 W Parcel  : Expecting binder but got null!
04-17 00:36:41.058   399   529 D goldfish-address-space: claimShared: Ask to claim region [0x3f3dd4000 0x3f3ecb000]
04-17 00:36:41.063   399   529 D goldfish-address-space: claimShared: Ask to claim region [0x3f3636000 0x3f372d000]
04-17 00:36:41.064   685  1555 W Parcel  : Expecting binder but got null!
04-17 00:36:41.089  2886  2886 I GoogleInputMethodService: GoogleInputMethodService.onFinishInput():3220
04-17 00:36:41.091  2886  2886 I GoogleInputMethodService: GoogleInputMethodService.updateDeviceLockedStatus():2114 repeatCheckTimes = 0, unlocked = true
04-17 00:36:41.091  2886  2886 I GoogleInputMethodService: GoogleInputMethodService.onStartInput():1919 onStartInput(EditorInfo{inputType=0x0(NULL) imeOptions=0x0 privateImeOptions=null actionName=UNSPECIFIED actionLabel=null actionId=0 initialSelStart=-1 initialSelEnd=-1 initialCapsMode=0x0 hintText=null label=null packageName=ca.yorku.eecs.mack.Project4443 fieldId=-1 fieldName=null extras=null}, false)
04-17 00:36:41.091  2886  2886 I GoogleInputMethodService: GoogleInputMethodService.updateDeviceLockedStatus():2114 repeatCheckTimes = 2, unlocked = true
04-17 00:36:41.104   419   574 W TransactionTracing: Could not find layer handle 0x7092eed64890
04-17 00:36:41.120   419   574 W TransactionTracing: Could not find layer id -1
04-17 00:36:41.121   419   574 W TransactionTracing: Could not find layer id -1
04-17 00:36:41.204   419   574 W TransactionTracing: Could not find layer handle 0x7092eed68010
04-17 00:36:41.205   419   574 W TransactionTracing: Could not find layer handle 0x7092eed630f0
04-17 00:36:41.237   419   574 W TransactionTracing: Could not find layer handle 0x7092eed66270
04-17 00:36:41.237   419   574 W TransactionTracing: Could not find layer handle 0x7092eed675f0
04-17 00:36:41.237   419   574 W TransactionTracing: Could not find layer handle 0x7092eed67170
04-17 00:36:41.237   419   574 W TransactionTracing: Could not find layer handle 0x7092eed62e50
04-17 00:36:41.238   419   574 W TransactionTracing: Could not find layer handle 0x7092eed676b0
04-17 00:36:41.238   419   574 W TransactionTracing: Could not find layer handle 0x7092eed676b0
04-17 00:36:41.238   419   574 W TransactionTracing: Could not find layer handle 0x7092eed62e50
04-17 00:36:41.238   419   574 W TransactionTracing: Could not find layer handle 0x7092eed675f0
04-17 00:36:41.262 10397 10397 D LifecycleMonitor: Lifecycle status change: ca.yorku.eecs.mack.Project4443.MainActivity@68687ae in: PAUSED
04-17 00:36:41.262 10397 10397 D LifecycleMonitor: running callback: android.support.test.rule.ActivityTestRule$LifecycleCallback@6ad43f
04-17 00:36:41.262 10397 10397 D LifecycleMonitor: callback completes: android.support.test.rule.ActivityTestRule$LifecycleCallback@6ad43f
04-17 00:36:41.266 10397 10420 I TestRunner: finished: test7QuizAllWrongTest(ca.yorku.eecs.mack.Project4443.MainActivityTest)
